Starting MaskGITPrior Prior training on cuda
Enabled torch.compile() for speedup.
Training with BOS token index: 1023
Step 100: Loss=6.4021 | BPD=9.24 | Acc@1=1.75% | Acc@5=6.95% | Speed=2.02 it/s
Step 200: Loss=6.2345 | BPD=8.99 | Acc@1=2.41% | Acc@5=9.29% | Speed=4.58 it/s
Step 300: Loss=5.9985 | BPD=8.65 | Acc@1=3.36% | Acc@5=11.59% | Speed=4.56 it/s
Step 400: Loss=5.6593 | BPD=8.16 | Acc@1=4.55% | Acc@5=14.42% | Speed=4.52 it/s
Step 500: Loss=5.4784 | BPD=7.90 | Acc@1=6.25% | Acc@5=18.19% | Speed=4.50 it/s
Step 600: Loss=5.2872 | BPD=7.63 | Acc@1=8.41% | Acc@5=22.13% | Speed=1.69 it/s
Step 700: Loss=5.2529 | BPD=7.58 | Acc@1=8.53% | Acc@5=22.00% | Speed=3.87 it/s
Step 800: Loss=5.2120 | BPD=7.52 | Acc@1=9.12% | Acc@5=23.74% | Speed=3.84 it/s
Step 900: Loss=5.2116 | BPD=7.52 | Acc@1=8.45% | Acc@5=23.73% | Speed=3.82 it/s
Step 1000: Loss=5.1558 | BPD=7.44 | Acc@1=9.19% | Acc@5=24.81% | Speed=3.82 it/s
Step 1100: Loss=5.1767 | BPD=7.47 | Acc@1=9.15% | Acc@5=24.79% | Speed=3.80 it/s
Step 1200: Loss=5.0918 | BPD=7.35 | Acc@1=10.35% | Acc@5=26.43% | Speed=3.81 it/s
Step 1300: Loss=5.1798 | BPD=7.47 | Acc@1=9.37% | Acc@5=25.26% | Speed=3.81 it/s
Step 1400: Loss=5.0981 | BPD=7.35 | Acc@1=10.04% | Acc@5=26.28% | Speed=3.81 it/s
Step 1500: Loss=5.0008 | BPD=7.21 | Acc@1=10.24% | Acc@5=27.36% | Speed=3.81 it/s
Step 1600: Loss=5.0575 | BPD=7.30 | Acc@1=10.19% | Acc@5=27.54% | Speed=3.81 it/s
Step 1700: Loss=5.0046 | BPD=7.22 | Acc@1=11.16% | Acc@5=28.60% | Speed=3.80 it/s
Step 1800: Loss=4.9141 | BPD=7.09 | Acc@1=11.90% | Acc@5=29.49% | Speed=3.81 it/s
Step 1900: Loss=4.9810 | BPD=7.19 | Acc@1=10.97% | Acc@5=28.32% | Speed=3.81 it/s
Step 2000: Loss=4.9576 | BPD=7.15 | Acc@1=11.70% | Acc@5=29.62% | Speed=3.81 it/s
Step 2100: Loss=4.9404 | BPD=7.13 | Acc@1=11.59% | Acc@5=29.75% | Speed=3.81 it/s
Step 2200: Loss=4.8559 | BPD=7.01 | Acc@1=11.39% | Acc@5=30.12% | Speed=3.80 it/s
Step 2300: Loss=4.9626 | BPD=7.16 | Acc@1=10.96% | Acc@5=28.81% | Speed=3.81 it/s
Step 2400: Loss=4.7812 | BPD=6.90 | Acc@1=11.83% | Acc@5=30.89% | Speed=3.81 it/s
Step 2500: Loss=4.9569 | BPD=7.15 | Acc@1=10.90% | Acc@5=29.18% | Speed=3.81 it/s
Step 2600: Loss=4.8280 | BPD=6.97 | Acc@1=12.68% | Acc@5=31.45% | Speed=3.81 it/s
Step 2700: Loss=4.7660 | BPD=6.88 | Acc@1=13.31% | Acc@5=32.89% | Speed=3.81 it/s
Step 2800: Loss=4.7814 | BPD=6.90 | Acc@1=13.33% | Acc@5=32.68% | Speed=3.80 it/s
Step 2900: Loss=4.6967 | BPD=6.78 | Acc@1=13.50% | Acc@5=33.58% | Speed=3.81 it/s
Step 3000: Loss=4.7426 | BPD=6.84 | Acc@1=13.31% | Acc@5=32.76% | Speed=3.81 it/s
Step 3100: Loss=4.7779 | BPD=6.89 | Acc@1=12.91% | Acc@5=32.67% | Speed=3.81 it/s
Step 3200: Loss=4.7920 | BPD=6.91 | Acc@1=13.04% | Acc@5=33.04% | Speed=3.81 it/s
Step 3300: Loss=4.8674 | BPD=7.02 | Acc@1=12.13% | Acc@5=31.34% | Speed=3.80 it/s
Step 3400: Loss=4.6814 | BPD=6.75 | Acc@1=13.38% | Acc@5=33.86% | Speed=3.81 it/s
Step 3500: Loss=4.7657 | BPD=6.88 | Acc@1=13.08% | Acc@5=33.12% | Speed=3.81 it/s
Step 3600: Loss=4.5995 | BPD=6.64 | Acc@1=14.18% | Acc@5=34.75% | Speed=3.81 it/s
Step 3700: Loss=4.6956 | BPD=6.77 | Acc@1=13.60% | Acc@5=34.04% | Speed=3.81 it/s
Step 3800: Loss=4.7274 | BPD=6.82 | Acc@1=13.30% | Acc@5=34.12% | Speed=3.76 it/s
Step 3900: Loss=4.6178 | BPD=6.66 | Acc@1=14.12% | Acc@5=35.12% | Speed=3.80 it/s
Step 4000: Loss=4.6025 | BPD=6.64 | Acc@1=13.60% | Acc@5=34.47% | Speed=3.81 it/s
Step 4100: Loss=4.5547 | BPD=6.57 | Acc@1=14.80% | Acc@5=35.66% | Speed=3.81 it/s
Step 4200: Loss=4.5501 | BPD=6.56 | Acc@1=14.24% | Acc@5=35.31% | Speed=3.81 it/s
Step 4300: Loss=4.6322 | BPD=6.68 | Acc@1=13.53% | Acc@5=34.78% | Speed=3.81 it/s
Step 4400: Loss=4.6230 | BPD=6.67 | Acc@1=13.49% | Acc@5=33.51% | Speed=3.80 it/s
Step 4500: Loss=4.5218 | BPD=6.52 | Acc@1=14.00% | Acc@5=34.91% | Speed=3.81 it/s
Step 4600: Loss=4.5784 | BPD=6.61 | Acc@1=13.02% | Acc@5=33.70% | Speed=3.81 it/s
Step 4700: Loss=4.6372 | BPD=6.69 | Acc@1=13.75% | Acc@5=34.41% | Speed=3.81 it/s
Step 4800: Loss=4.5160 | BPD=6.52 | Acc@1=14.26% | Acc@5=35.27% | Speed=3.81 it/s
Step 4900: Loss=4.4760 | BPD=6.46 | Acc@1=14.65% | Acc@5=35.96% | Speed=3.81 it/s
Step 5000: Loss=4.6500 | BPD=6.71 | Acc@1=13.16% | Acc@5=34.06% | Speed=3.80 it/s
Saved checkpoint to checkpoints/prior_best.pt
Step 5100: Loss=4.5319 | BPD=6.54 | Acc@1=13.63% | Acc@5=34.86% | Speed=3.76 it/s
Step 5200: Loss=4.5179 | BPD=6.52 | Acc@1=14.40% | Acc@5=35.07% | Speed=3.81 it/s
Step 5300: Loss=4.4691 | BPD=6.45 | Acc@1=14.72% | Acc@5=36.59% | Speed=3.81 it/s
Step 5400: Loss=4.4985 | BPD=6.49 | Acc@1=14.49% | Acc@5=35.88% | Speed=3.81 it/s
Step 5500: Loss=4.4418 | BPD=6.41 | Acc@1=13.79% | Acc@5=35.29% | Speed=3.80 it/s
Step 5600: Loss=4.4251 | BPD=6.38 | Acc@1=14.26% | Acc@5=36.08% | Speed=3.81 it/s
Step 5700: Loss=4.5218 | BPD=6.52 | Acc@1=13.80% | Acc@5=34.41% | Speed=3.81 it/s
Step 5800: Loss=4.4263 | BPD=6.39 | Acc@1=13.86% | Acc@5=35.51% | Speed=3.81 it/s
Step 5900: Loss=4.4534 | BPD=6.42 | Acc@1=14.13% | Acc@5=34.76% | Speed=3.81 it/s
Step 6000: Loss=4.4072 | BPD=6.36 | Acc@1=14.87% | Acc@5=36.00% | Speed=3.81 it/s
Step 6100: Loss=4.5580 | BPD=6.58 | Acc@1=13.87% | Acc@5=34.69% | Speed=3.80 it/s
Step 6200: Loss=4.4170 | BPD=6.37 | Acc@1=15.10% | Acc@5=36.18% | Speed=3.81 it/s
Step 6300: Loss=4.3819 | BPD=6.32 | Acc@1=14.33% | Acc@5=35.48% | Speed=3.81 it/s
Step 6400: Loss=4.3909 | BPD=6.33 | Acc@1=14.52% | Acc@5=36.01% | Speed=3.81 it/s
Step 6500: Loss=4.3958 | BPD=6.34 | Acc@1=14.70% | Acc@5=36.15% | Speed=3.81 it/s
Step 6600: Loss=4.4304 | BPD=6.39 | Acc@1=13.57% | Acc@5=34.79% | Speed=3.80 it/s
Step 6700: Loss=4.3905 | BPD=6.33 | Acc@1=14.52% | Acc@5=35.87% | Speed=3.81 it/s
Step 6800: Loss=4.4314 | BPD=6.39 | Acc@1=14.38% | Acc@5=34.97% | Speed=3.77 it/s
Step 6900: Loss=4.3202 | BPD=6.23 | Acc@1=14.54% | Acc@5=36.58% | Speed=3.81 it/s
Step 7000: Loss=4.4067 | BPD=6.36 | Acc@1=13.53% | Acc@5=34.79% | Speed=3.81 it/s
Step 7100: Loss=4.4324 | BPD=6.39 | Acc@1=13.93% | Acc@5=35.35% | Speed=3.81 it/s
Step 7200: Loss=4.3175 | BPD=6.23 | Acc@1=14.67% | Acc@5=36.90% | Speed=3.79 it/s
Step 7300: Loss=4.4174 | BPD=6.37 | Acc@1=13.91% | Acc@5=35.27% | Speed=3.81 it/s
Step 7400: Loss=4.2913 | BPD=6.19 | Acc@1=15.12% | Acc@5=36.47% | Speed=3.81 it/s
Step 7500: Loss=4.4055 | BPD=6.36 | Acc@1=14.34% | Acc@5=35.63% | Speed=3.81 it/s
Step 7600: Loss=4.3605 | BPD=6.29 | Acc@1=14.81% | Acc@5=36.70% | Speed=3.81 it/s
Step 7700: Loss=4.3297 | BPD=6.25 | Acc@1=14.85% | Acc@5=36.87% | Speed=3.80 it/s
Step 7800: Loss=4.3317 | BPD=6.25 | Acc@1=14.69% | Acc@5=35.86% | Speed=3.81 it/s
Step 7900: Loss=4.2612 | BPD=6.15 | Acc@1=14.81% | Acc@5=36.68% | Speed=3.81 it/s
Step 8000: Loss=4.2648 | BPD=6.15 | Acc@1=14.77% | Acc@5=36.06% | Speed=3.81 it/s
Step 8100: Loss=4.2711 | BPD=6.16 | Acc@1=14.95% | Acc@5=37.20% | Speed=3.81 it/s
Step 8200: Loss=4.2509 | BPD=6.13 | Acc@1=15.06% | Acc@5=36.91% | Speed=3.81 it/s
Step 8300: Loss=4.2634 | BPD=6.15 | Acc@1=15.02% | Acc@5=36.84% | Speed=3.80 it/s
Step 8400: Loss=4.2919 | BPD=6.19 | Acc@1=13.67% | Acc@5=35.30% | Speed=3.81 it/s
Step 8500: Loss=4.2446 | BPD=6.12 | Acc@1=15.28% | Acc@5=37.20% | Speed=3.81 it/s
Step 8600: Loss=4.2555 | BPD=6.14 | Acc@1=14.09% | Acc@5=36.76% | Speed=3.81 it/s
Step 8700: Loss=4.2159 | BPD=6.08 | Acc@1=15.73% | Acc@5=37.85% | Speed=3.81 it/s
Step 8800: Loss=4.1937 | BPD=6.05 | Acc@1=15.49% | Acc@5=37.68% | Speed=3.79 it/s
Step 8900: Loss=4.2821 | BPD=6.18 | Acc@1=14.38% | Acc@5=35.96% | Speed=3.81 it/s
Step 9000: Loss=4.1542 | BPD=5.99 | Acc@1=15.33% | Acc@5=37.33% | Speed=3.81 it/s
Step 9100: Loss=4.2400 | BPD=6.12 | Acc@1=14.16% | Acc@5=36.53% | Speed=3.81 it/s
Step 9200: Loss=4.1593 | BPD=6.00 | Acc@1=15.35% | Acc@5=37.64% | Speed=3.81 it/s
Step 9300: Loss=4.2344 | BPD=6.11 | Acc@1=15.05% | Acc@5=37.61% | Speed=3.80 it/s
Step 9400: Loss=4.1966 | BPD=6.05 | Acc@1=14.85% | Acc@5=37.53% | Speed=3.81 it/s
Step 9500: Loss=4.2860 | BPD=6.18 | Acc@1=14.44% | Acc@5=36.26% | Speed=3.81 it/s
Step 9600: Loss=4.1965 | BPD=6.05 | Acc@1=14.75% | Acc@5=37.30% | Speed=3.81 it/s
Step 9700: Loss=4.2799 | BPD=6.17 | Acc@1=15.10% | Acc@5=37.56% | Speed=3.81 it/s
Step 9800: Loss=4.1783 | BPD=6.03 | Acc@1=14.85% | Acc@5=37.78% | Speed=3.77 it/s
Step 9900: Loss=4.3066 | BPD=6.21 | Acc@1=14.18% | Acc@5=35.89% | Speed=3.79 it/s
Step 10000: Loss=4.2673 | BPD=6.16 | Acc@1=14.11% | Acc@5=36.13% | Speed=3.81 it/s
Saved checkpoint to checkpoints/prior_best.pt
Saved historic checkpoint to checkpoints/prior_10000.pt
Step 10100: Loss=4.1694 | BPD=6.02 | Acc@1=15.08% | Acc@5=37.74% | Speed=3.73 it/s
Step 10200: Loss=4.3022 | BPD=6.21 | Acc@1=14.25% | Acc@5=36.66% | Speed=3.81 it/s
Step 10300: Loss=4.1686 | BPD=6.01 | Acc@1=15.12% | Acc@5=38.00% | Speed=3.81 it/s
Step 10400: Loss=4.1117 | BPD=5.93 | Acc@1=16.39% | Acc@5=38.76% | Speed=3.80 it/s
Step 10500: Loss=4.2107 | BPD=6.07 | Acc@1=14.87% | Acc@5=36.58% | Speed=3.81 it/s
Step 10600: Loss=4.1391 | BPD=5.97 | Acc@1=15.17% | Acc@5=38.31% | Speed=3.81 it/s
Step 10700: Loss=4.1942 | BPD=6.05 | Acc@1=14.99% | Acc@5=36.93% | Speed=3.81 it/s
Step 10800: Loss=4.0949 | BPD=5.91 | Acc@1=15.50% | Acc@5=38.09% | Speed=3.81 it/s
Step 10900: Loss=4.2031 | BPD=6.06 | Acc@1=14.32% | Acc@5=36.80% | Speed=3.81 it/s
Step 11000: Loss=4.1922 | BPD=6.05 | Acc@1=14.69% | Acc@5=36.76% | Speed=3.80 it/s
Step 11100: Loss=4.2442 | BPD=6.12 | Acc@1=14.39% | Acc@5=36.20% | Speed=3.81 it/s
Step 11200: Loss=4.1742 | BPD=6.02 | Acc@1=14.88% | Acc@5=37.12% | Speed=3.81 it/s
Step 11300: Loss=4.1636 | BPD=6.01 | Acc@1=14.92% | Acc@5=38.45% | Speed=3.81 it/s
Step 11400: Loss=4.1474 | BPD=5.98 | Acc@1=13.87% | Acc@5=36.84% | Speed=3.81 it/s
Step 11500: Loss=4.0741 | BPD=5.88 | Acc@1=15.44% | Acc@5=39.19% | Speed=3.80 it/s
Step 11600: Loss=4.0822 | BPD=5.89 | Acc@1=15.12% | Acc@5=38.24% | Speed=3.81 it/s
Step 11700: Loss=4.1215 | BPD=5.95 | Acc@1=14.87% | Acc@5=37.84% | Speed=3.81 it/s
Step 11800: Loss=4.1269 | BPD=5.95 | Acc@1=14.41% | Acc@5=37.13% | Speed=3.81 it/s
Step 11900: Loss=4.1372 | BPD=5.97 | Acc@1=15.14% | Acc@5=37.59% | Speed=3.81 it/s
Step 12000: Loss=4.1144 | BPD=5.94 | Acc@1=14.74% | Acc@5=37.52% | Speed=3.81 it/s
Step 12100: Loss=4.0430 | BPD=5.83 | Acc@1=15.42% | Acc@5=38.27% | Speed=3.80 it/s
Step 12200: Loss=3.9979 | BPD=5.77 | Acc@1=15.28% | Acc@5=39.53% | Speed=3.81 it/s
Step 12300: Loss=4.0628 | BPD=5.86 | Acc@1=15.42% | Acc@5=38.57% | Speed=3.81 it/s
Step 12400: Loss=3.9695 | BPD=5.73 | Acc@1=15.86% | Acc@5=39.24% | Speed=3.81 it/s
Step 12500: Loss=4.1667 | BPD=6.01 | Acc@1=14.98% | Acc@5=37.64% | Speed=3.81 it/s
Step 12600: Loss=4.0610 | BPD=5.86 | Acc@1=15.37% | Acc@5=38.23% | Speed=3.80 it/s
Step 12700: Loss=4.1925 | BPD=6.05 | Acc@1=14.88% | Acc@5=38.35% | Speed=3.77 it/s
Step 12800: Loss=4.0601 | BPD=5.86 | Acc@1=15.63% | Acc@5=39.37% | Speed=3.81 it/s
Step 12900: Loss=4.0173 | BPD=5.80 | Acc@1=15.23% | Acc@5=38.07% | Speed=3.81 it/s
Step 13000: Loss=4.0274 | BPD=5.81 | Acc@1=15.76% | Acc@5=39.14% | Speed=3.81 it/s
Step 13100: Loss=4.0347 | BPD=5.82 | Acc@1=15.37% | Acc@5=38.46% | Speed=3.81 it/s
Step 13200: Loss=4.0602 | BPD=5.86 | Acc@1=15.02% | Acc@5=38.62% | Speed=3.79 it/s
Step 13300: Loss=4.1071 | BPD=5.93 | Acc@1=14.56% | Acc@5=37.19% | Speed=3.81 it/s
Step 13400: Loss=4.1086 | BPD=5.93 | Acc@1=14.77% | Acc@5=37.13% | Speed=3.81 it/s
Step 13500: Loss=4.0968 | BPD=5.91 | Acc@1=14.21% | Acc@5=37.99% | Speed=3.81 it/s
Step 13600: Loss=4.0297 | BPD=5.81 | Acc@1=14.77% | Acc@5=38.02% | Speed=3.81 it/s
Step 13700: Loss=4.0606 | BPD=5.86 | Acc@1=15.12% | Acc@5=38.95% | Speed=3.80 it/s
Step 13800: Loss=4.0327 | BPD=5.82 | Acc@1=15.94% | Acc@5=39.85% | Speed=3.81 it/s
Step 13900: Loss=4.0325 | BPD=5.82 | Acc@1=14.73% | Acc@5=38.25% | Speed=3.81 it/s
Step 14000: Loss=4.0412 | BPD=5.83 | Acc@1=14.91% | Acc@5=38.77% | Speed=3.81 it/s
Step 14100: Loss=3.9797 | BPD=5.74 | Acc@1=15.93% | Acc@5=39.81% | Speed=3.81 it/s
Step 14200: Loss=4.0062 | BPD=5.78 | Acc@1=15.85% | Acc@5=40.04% | Speed=3.81 it/s
Step 14300: Loss=4.0235 | BPD=5.80 | Acc@1=15.30% | Acc@5=38.94% | Speed=3.79 it/s
Step 14400: Loss=3.9929 | BPD=5.76 | Acc@1=15.65% | Acc@5=40.23% | Speed=3.81 it/s
Step 14500: Loss=3.9926 | BPD=5.76 | Acc@1=15.23% | Acc@5=38.79% | Speed=3.81 it/s
Step 14600: Loss=4.0208 | BPD=5.80 | Acc@1=15.06% | Acc@5=38.58% | Speed=3.81 it/s
Step 14700: Loss=4.0103 | BPD=5.79 | Acc@1=14.94% | Acc@5=38.73% | Speed=3.81 it/s
Step 14800: Loss=3.9901 | BPD=5.76 | Acc@1=15.46% | Acc@5=39.45% | Speed=3.80 it/s
Step 14900: Loss=3.9428 | BPD=5.69 | Acc@1=15.80% | Acc@5=39.69% | Speed=3.81 it/s
Step 15000: Loss=3.9544 | BPD=5.70 | Acc@1=15.60% | Acc@5=39.32% | Speed=3.81 it/s
Saved checkpoint to checkpoints/prior_best.pt
Step 15100: Loss=3.9165 | BPD=5.65 | Acc@1=16.25% | Acc@5=40.30% | Speed=3.76 it/s
Step 15200: Loss=4.1589 | BPD=6.00 | Acc@1=14.58% | Acc@5=37.16% | Speed=3.81 it/s
Step 15300: Loss=4.0187 | BPD=5.80 | Acc@1=14.89% | Acc@5=39.79% | Speed=3.81 it/s
Step 15400: Loss=3.9451 | BPD=5.69 | Acc@1=16.08% | Acc@5=40.46% | Speed=3.80 it/s
Step 15500: Loss=4.0292 | BPD=5.81 | Acc@1=15.04% | Acc@5=38.52% | Speed=3.81 it/s
Step 15600: Loss=3.9777 | BPD=5.74 | Acc@1=15.70% | Acc@5=39.83% | Speed=3.81 it/s
Step 15700: Loss=3.9809 | BPD=5.74 | Acc@1=15.37% | Acc@5=39.25% | Speed=3.77 it/s
Step 15800: Loss=3.9918 | BPD=5.76 | Acc@1=14.86% | Acc@5=38.43% | Speed=3.81 it/s
Step 15900: Loss=3.9382 | BPD=5.68 | Acc@1=16.00% | Acc@5=39.69% | Speed=3.80 it/s
Step 16000: Loss=3.8811 | BPD=5.60 | Acc@1=16.75% | Acc@5=40.69% | Speed=3.81 it/s
Step 16100: Loss=3.9681 | BPD=5.72 | Acc@1=15.09% | Acc@5=39.03% | Speed=3.81 it/s
Step 16200: Loss=3.9150 | BPD=5.65 | Acc@1=15.73% | Acc@5=39.86% | Speed=3.81 it/s
Step 16300: Loss=3.9479 | BPD=5.70 | Acc@1=15.55% | Acc@5=39.54% | Speed=3.81 it/s
Step 16400: Loss=3.9296 | BPD=5.67 | Acc@1=15.49% | Acc@5=39.58% | Speed=3.81 it/s
Step 16500: Loss=3.9284 | BPD=5.67 | Acc@1=15.52% | Acc@5=40.11% | Speed=3.80 it/s
Step 16600: Loss=4.0560 | BPD=5.85 | Acc@1=14.57% | Acc@5=37.81% | Speed=3.80 it/s
Step 16700: Loss=3.9630 | BPD=5.72 | Acc@1=14.76% | Acc@5=39.65% | Speed=3.80 it/s
Step 16800: Loss=4.0595 | BPD=5.86 | Acc@1=14.42% | Acc@5=38.11% | Speed=3.80 it/s
Step 16900: Loss=3.9503 | BPD=5.70 | Acc@1=15.22% | Acc@5=39.19% | Speed=3.80 it/s
Step 17000: Loss=3.9961 | BPD=5.77 | Acc@1=15.51% | Acc@5=39.99% | Speed=3.79 it/s
Step 17100: Loss=3.9208 | BPD=5.66 | Acc@1=16.35% | Acc@5=40.31% | Speed=3.80 it/s
Step 17200: Loss=3.9196 | BPD=5.65 | Acc@1=15.73% | Acc@5=39.89% | Speed=3.80 it/s
Step 17300: Loss=3.7928 | BPD=5.47 | Acc@1=16.63% | Acc@5=41.61% | Speed=3.80 it/s
Step 17400: Loss=3.9812 | BPD=5.74 | Acc@1=14.72% | Acc@5=38.70% | Speed=3.80 it/s
Step 17500: Loss=3.9681 | BPD=5.72 | Acc@1=15.21% | Acc@5=38.89% | Speed=3.80 it/s
Step 17600: Loss=3.9017 | BPD=5.63 | Acc@1=16.65% | Acc@5=40.62% | Speed=3.79 it/s
Step 17700: Loss=3.9057 | BPD=5.63 | Acc@1=15.42% | Acc@5=39.92% | Speed=3.80 it/s
Step 17800: Loss=3.9075 | BPD=5.64 | Acc@1=16.17% | Acc@5=40.87% | Speed=3.80 it/s
Step 17900: Loss=3.9687 | BPD=5.73 | Acc@1=15.04% | Acc@5=39.08% | Speed=3.81 it/s
Step 18000: Loss=3.9386 | BPD=5.68 | Acc@1=15.84% | Acc@5=39.90% | Speed=3.80 it/s
Step 18100: Loss=3.8131 | BPD=5.50 | Acc@1=17.13% | Acc@5=42.39% | Speed=3.79 it/s
Step 18200: Loss=3.8906 | BPD=5.61 | Acc@1=16.37% | Acc@5=41.00% | Speed=3.80 it/s
Step 18300: Loss=3.9478 | BPD=5.70 | Acc@1=16.03% | Acc@5=39.99% | Speed=3.80 it/s
Step 18400: Loss=3.8164 | BPD=5.51 | Acc@1=16.46% | Acc@5=41.56% | Speed=3.80 it/s
Step 18500: Loss=3.8661 | BPD=5.58 | Acc@1=16.26% | Acc@5=41.02% | Speed=3.80 it/s
Step 18600: Loss=3.9284 | BPD=5.67 | Acc@1=15.23% | Acc@5=39.21% | Speed=3.79 it/s
Step 18700: Loss=4.0317 | BPD=5.82 | Acc@1=15.57% | Acc@5=39.30% | Speed=3.76 it/s
Step 18800: Loss=3.9608 | BPD=5.71 | Acc@1=15.46% | Acc@5=40.08% | Speed=3.80 it/s
Step 18900: Loss=3.8832 | BPD=5.60 | Acc@1=15.84% | Acc@5=40.76% | Speed=3.80 it/s
Step 19000: Loss=3.9306 | BPD=5.67 | Acc@1=15.21% | Acc@5=39.71% | Speed=3.80 it/s
Step 19100: Loss=3.9397 | BPD=5.68 | Acc@1=15.50% | Acc@5=39.91% | Speed=3.80 it/s
Step 19200: Loss=3.8739 | BPD=5.59 | Acc@1=15.60% | Acc@5=40.55% | Speed=3.79 it/s
Step 19300: Loss=3.8768 | BPD=5.59 | Acc@1=15.88% | Acc@5=40.24% | Speed=3.80 it/s
Step 19400: Loss=3.7972 | BPD=5.48 | Acc@1=16.07% | Acc@5=40.92% | Speed=3.80 it/s
Step 19500: Loss=3.9425 | BPD=5.69 | Acc@1=15.72% | Acc@5=40.90% | Speed=3.81 it/s
Step 19600: Loss=3.9185 | BPD=5.65 | Acc@1=15.62% | Acc@5=40.02% | Speed=3.80 it/s
Step 19700: Loss=3.9453 | BPD=5.69 | Acc@1=15.35% | Acc@5=40.13% | Speed=3.79 it/s
Step 19800: Loss=3.9506 | BPD=5.70 | Acc@1=15.52% | Acc@5=39.54% | Speed=3.80 it/s
Step 19900: Loss=3.8178 | BPD=5.51 | Acc@1=16.42% | Acc@5=42.14% | Speed=3.80 it/s
Step 20000: Loss=3.8358 | BPD=5.53 | Acc@1=16.78% | Acc@5=41.78% | Speed=3.80 it/s
Saved checkpoint to checkpoints/prior_best.pt
Saved historic checkpoint to checkpoints/prior_20000.pt
Step 20100: Loss=3.7173 | BPD=5.36 | Acc@1=16.59% | Acc@5=42.30% | Speed=3.72 it/s
Step 20200: Loss=3.8512 | BPD=5.56 | Acc@1=15.93% | Acc@5=41.01% | Speed=3.81 it/s
Step 20300: Loss=3.9353 | BPD=5.68 | Acc@1=15.51% | Acc@5=39.51% | Speed=3.79 it/s
Step 20400: Loss=3.9096 | BPD=5.64 | Acc@1=16.18% | Acc@5=40.99% | Speed=3.80 it/s
Step 20500: Loss=3.8158 | BPD=5.51 | Acc@1=15.99% | Acc@5=41.13% | Speed=3.80 it/s
Step 20600: Loss=3.8338 | BPD=5.53 | Acc@1=16.35% | Acc@5=40.99% | Speed=3.80 it/s
Step 20700: Loss=3.8709 | BPD=5.58 | Acc@1=15.94% | Acc@5=40.81% | Speed=3.80 it/s
Step 20800: Loss=3.8205 | BPD=5.51 | Acc@1=16.80% | Acc@5=42.13% | Speed=3.79 it/s
Step 20900: Loss=3.7563 | BPD=5.42 | Acc@1=16.42% | Acc@5=41.49% | Speed=3.80 it/s
Step 21000: Loss=3.7950 | BPD=5.48 | Acc@1=16.47% | Acc@5=41.91% | Speed=3.80 it/s
Step 21100: Loss=3.8673 | BPD=5.58 | Acc@1=15.75% | Acc@5=40.60% | Speed=3.80 it/s
Step 21200: Loss=3.8862 | BPD=5.61 | Acc@1=15.13% | Acc@5=40.06% | Speed=3.80 it/s
Step 21300: Loss=3.8058 | BPD=5.49 | Acc@1=16.10% | Acc@5=40.93% | Speed=3.80 it/s
Step 21400: Loss=3.7705 | BPD=5.44 | Acc@1=16.39% | Acc@5=42.51% | Speed=3.79 it/s
Step 21500: Loss=3.8298 | BPD=5.53 | Acc@1=15.92% | Acc@5=41.42% | Speed=3.81 it/s
Step 21600: Loss=3.9058 | BPD=5.63 | Acc@1=15.62% | Acc@5=40.66% | Speed=3.81 it/s
Step 21700: Loss=3.7861 | BPD=5.46 | Acc@1=16.63% | Acc@5=41.57% | Speed=3.77 it/s
Step 21800: Loss=3.7982 | BPD=5.48 | Acc@1=15.72% | Acc@5=40.72% | Speed=3.81 it/s
Step 21900: Loss=3.8097 | BPD=5.50 | Acc@1=16.02% | Acc@5=41.59% | Speed=3.79 it/s
Step 22000: Loss=3.8021 | BPD=5.49 | Acc@1=16.53% | Acc@5=41.25% | Speed=3.81 it/s
Step 22100: Loss=3.7566 | BPD=5.42 | Acc@1=16.85% | Acc@5=42.31% | Speed=3.81 it/s
Step 22200: Loss=3.8059 | BPD=5.49 | Acc@1=16.22% | Acc@5=41.04% | Speed=3.81 it/s
Step 22300: Loss=3.9222 | BPD=5.66 | Acc@1=15.09% | Acc@5=39.50% | Speed=3.81 it/s
Step 22400: Loss=3.7909 | BPD=5.47 | Acc@1=16.21% | Acc@5=41.66% | Speed=3.81 it/s
Step 22500: Loss=3.7271 | BPD=5.38 | Acc@1=16.39% | Acc@5=42.22% | Speed=3.80 it/s
Step 22600: Loss=3.8540 | BPD=5.56 | Acc@1=15.16% | Acc@5=40.17% | Speed=3.81 it/s
Step 22700: Loss=3.8010 | BPD=5.48 | Acc@1=17.12% | Acc@5=42.86% | Speed=3.81 it/s
Step 22800: Loss=3.8572 | BPD=5.56 | Acc@1=15.65% | Acc@5=40.87% | Speed=3.81 it/s
Step 22900: Loss=3.9195 | BPD=5.65 | Acc@1=15.19% | Acc@5=39.66% | Speed=3.81 it/s
Step 23000: Loss=3.8324 | BPD=5.53 | Acc@1=15.45% | Acc@5=40.68% | Speed=3.80 it/s
Step 23100: Loss=3.8394 | BPD=5.54 | Acc@1=15.52% | Acc@5=40.86% | Speed=3.81 it/s
Step 23200: Loss=3.6859 | BPD=5.32 | Acc@1=17.81% | Acc@5=43.66% | Speed=3.81 it/s
Step 23300: Loss=3.8338 | BPD=5.53 | Acc@1=16.60% | Acc@5=41.57% | Speed=3.81 it/s
Step 23400: Loss=3.8872 | BPD=5.61 | Acc@1=14.94% | Acc@5=39.98% | Speed=3.81 it/s
Step 23500: Loss=3.7906 | BPD=5.47 | Acc@1=16.14% | Acc@5=41.35% | Speed=3.81 it/s
Step 23600: Loss=3.7528 | BPD=5.41 | Acc@1=17.17% | Acc@5=42.44% | Speed=3.80 it/s
Step 23700: Loss=3.7265 | BPD=5.38 | Acc@1=16.86% | Acc@5=41.93% | Speed=3.81 it/s
Step 23800: Loss=3.7624 | BPD=5.43 | Acc@1=16.74% | Acc@5=42.13% | Speed=3.81 it/s
Step 23900: Loss=3.7433 | BPD=5.40 | Acc@1=16.56% | Acc@5=42.19% | Speed=3.81 it/s
Step 24000: Loss=3.7998 | BPD=5.48 | Acc@1=15.60% | Acc@5=40.72% | Speed=3.81 it/s
Step 24100: Loss=3.8630 | BPD=5.57 | Acc@1=15.09% | Acc@5=39.66% | Speed=3.80 it/s
Step 24200: Loss=3.7449 | BPD=5.40 | Acc@1=16.47% | Acc@5=41.96% | Speed=3.81 it/s
Step 24300: Loss=3.7268 | BPD=5.38 | Acc@1=16.87% | Acc@5=42.35% | Speed=3.81 it/s
Step 24400: Loss=3.8271 | BPD=5.52 | Acc@1=15.96% | Acc@5=41.47% | Speed=3.81 it/s
Step 24500: Loss=3.7754 | BPD=5.45 | Acc@1=16.17% | Acc@5=42.20% | Speed=3.81 it/s
Step 24600: Loss=3.7343 | BPD=5.39 | Acc@1=16.28% | Acc@5=41.78% | Speed=3.76 it/s
Step 24700: Loss=3.8806 | BPD=5.60 | Acc@1=15.41% | Acc@5=40.20% | Speed=3.79 it/s
Step 24800: Loss=3.7455 | BPD=5.40 | Acc@1=16.48% | Acc@5=42.29% | Speed=3.81 it/s
Step 24900: Loss=3.8562 | BPD=5.56 | Acc@1=14.97% | Acc@5=39.37% | Speed=3.81 it/s
Step 25000: Loss=3.7717 | BPD=5.44 | Acc@1=16.36% | Acc@5=41.87% | Speed=3.81 it/s
Saved checkpoint to checkpoints/prior_best.pt
Step 25100: Loss=3.8605 | BPD=5.57 | Acc@1=15.10% | Acc@5=40.26% | Speed=3.76 it/s
Step 25200: Loss=3.7948 | BPD=5.47 | Acc@1=15.77% | Acc@5=41.23% | Speed=3.80 it/s
Step 25300: Loss=3.7995 | BPD=5.48 | Acc@1=16.34% | Acc@5=41.78% | Speed=3.81 it/s
Step 25400: Loss=3.8380 | BPD=5.54 | Acc@1=15.79% | Acc@5=40.84% | Speed=3.81 it/s
Step 25500: Loss=3.8016 | BPD=5.48 | Acc@1=15.28% | Acc@5=40.81% | Speed=3.81 it/s
Step 25600: Loss=3.8578 | BPD=5.57 | Acc@1=15.36% | Acc@5=40.15% | Speed=3.81 it/s
Step 25700: Loss=3.7573 | BPD=5.42 | Acc@1=16.50% | Acc@5=42.07% | Speed=3.81 it/s
Step 25800: Loss=3.7604 | BPD=5.43 | Acc@1=16.70% | Acc@5=42.88% | Speed=3.79 it/s
Step 25900: Loss=3.8685 | BPD=5.58 | Acc@1=16.01% | Acc@5=41.38% | Speed=3.81 it/s
Step 26000: Loss=3.8984 | BPD=5.62 | Acc@1=15.19% | Acc@5=40.12% | Speed=3.81 it/s
Step 26100: Loss=3.7653 | BPD=5.43 | Acc@1=15.87% | Acc@5=41.36% | Speed=3.80 it/s
Step 26200: Loss=3.9282 | BPD=5.67 | Acc@1=15.35% | Acc@5=39.87% | Speed=3.81 it/s
Step 26300: Loss=3.8183 | BPD=5.51 | Acc@1=15.75% | Acc@5=41.01% | Speed=3.79 it/s
Step 26400: Loss=3.8080 | BPD=5.49 | Acc@1=15.71% | Acc@5=41.54% | Speed=3.80 it/s
Step 26500: Loss=3.8667 | BPD=5.58 | Acc@1=15.66% | Acc@5=40.71% | Speed=3.80 it/s
Step 26600: Loss=3.7487 | BPD=5.41 | Acc@1=16.55% | Acc@5=42.32% | Speed=3.80 it/s
Step 26700: Loss=3.7726 | BPD=5.44 | Acc@1=16.65% | Acc@5=41.75% | Speed=3.81 it/s
Step 26800: Loss=3.7033 | BPD=5.34 | Acc@1=17.21% | Acc@5=43.76% | Speed=3.80 it/s
Step 26900: Loss=3.7273 | BPD=5.38 | Acc@1=17.20% | Acc@5=43.16% | Speed=3.79 it/s
Step 27000: Loss=3.7575 | BPD=5.42 | Acc@1=15.91% | Acc@5=40.99% | Speed=3.80 it/s
Step 27100: Loss=3.7662 | BPD=5.43 | Acc@1=16.42% | Acc@5=42.51% | Speed=3.81 it/s
Step 27200: Loss=3.7249 | BPD=5.37 | Acc@1=16.47% | Acc@5=41.96% | Speed=3.81 it/s
Step 27300: Loss=3.7217 | BPD=5.37 | Acc@1=16.94% | Acc@5=42.77% | Speed=3.81 it/s
Step 27400: Loss=3.7712 | BPD=5.44 | Acc@1=16.60% | Acc@5=41.63% | Speed=3.79 it/s
Step 27500: Loss=3.7923 | BPD=5.47 | Acc@1=16.25% | Acc@5=41.78% | Speed=3.81 it/s
Step 27600: Loss=3.7376 | BPD=5.39 | Acc@1=16.73% | Acc@5=42.33% | Speed=3.77 it/s
Step 27700: Loss=3.8252 | BPD=5.52 | Acc@1=16.19% | Acc@5=40.96% | Speed=3.80 it/s
Step 27800: Loss=3.8285 | BPD=5.52 | Acc@1=16.21% | Acc@5=42.00% | Speed=3.81 it/s
Step 27900: Loss=3.7753 | BPD=5.45 | Acc@1=17.51% | Acc@5=42.79% | Speed=3.79 it/s
Step 28000: Loss=3.7036 | BPD=5.34 | Acc@1=16.39% | Acc@5=42.24% | Speed=3.80 it/s
Step 28100: Loss=3.7104 | BPD=5.35 | Acc@1=16.41% | Acc@5=42.11% | Speed=3.81 it/s
Step 28200: Loss=3.8869 | BPD=5.61 | Acc@1=16.07% | Acc@5=41.07% | Speed=3.80 it/s
Step 28300: Loss=3.7715 | BPD=5.44 | Acc@1=16.30% | Acc@5=41.49% | Speed=3.80 it/s
Step 28400: Loss=3.7245 | BPD=5.37 | Acc@1=17.07% | Acc@5=43.02% | Speed=3.80 it/s
Step 28500: Loss=3.7674 | BPD=5.44 | Acc@1=16.41% | Acc@5=42.43% | Speed=3.79 it/s
Step 28600: Loss=3.7445 | BPD=5.40 | Acc@1=16.35% | Acc@5=42.12% | Speed=3.80 it/s
Step 28700: Loss=3.7222 | BPD=5.37 | Acc@1=16.27% | Acc@5=42.09% | Speed=3.80 it/s
Step 28800: Loss=3.8185 | BPD=5.51 | Acc@1=16.02% | Acc@5=40.91% | Speed=3.80 it/s
Step 28900: Loss=3.8058 | BPD=5.49 | Acc@1=15.09% | Acc@5=41.09% | Speed=3.80 it/s
Step 29000: Loss=3.6885 | BPD=5.32 | Acc@1=17.40% | Acc@5=43.73% | Speed=3.79 it/s
Step 29100: Loss=3.8119 | BPD=5.50 | Acc@1=15.85% | Acc@5=41.42% | Speed=3.80 it/s
Step 29200: Loss=3.6855 | BPD=5.32 | Acc@1=16.51% | Acc@5=42.90% | Speed=3.80 it/s
Step 29300: Loss=3.7770 | BPD=5.45 | Acc@1=16.55% | Acc@5=42.00% | Speed=3.80 it/s
Step 29400: Loss=3.6679 | BPD=5.29 | Acc@1=17.64% | Acc@5=43.36% | Speed=3.80 it/s
Step 29500: Loss=3.6957 | BPD=5.33 | Acc@1=17.28% | Acc@5=42.77% | Speed=3.80 it/s
Step 29600: Loss=3.7476 | BPD=5.41 | Acc@1=16.59% | Acc@5=41.95% | Speed=3.79 it/s
Step 29700: Loss=3.7728 | BPD=5.44 | Acc@1=16.02% | Acc@5=42.14% | Speed=3.80 it/s
Step 29800: Loss=3.7991 | BPD=5.48 | Acc@1=16.08% | Acc@5=41.92% | Speed=3.80 it/s
Step 29900: Loss=3.7860 | BPD=5.46 | Acc@1=16.00% | Acc@5=41.82% | Speed=3.80 it/s
